--- 
http_interactions: 
- request: 
    method: get
    uri: https://ws.ovh.com/cloud/public/instance/r3/rest.dispatcher/getInstances?params=%7B%22projectName%22:%22Vulcain%22%7D&session=le52067-ovh-673ff59fb832dedfa4d320567fddca86
    body: 
      encoding: US-ASCII
      string: ""
    headers: {}

  response: 
    status: 
      code: 200
      message: OK
    headers: 
      Date: 
      - Fri, 05 Apr 2013 10:20:43 GMT
      Server: 
      - Apache/2.2.9 (Debian) mod_ssl/2.2.9 OpenSSL/0.9.8g
      X-Node: 
      - soap5.ws
      Transfer-Encoding: 
      - chunked
      Content-Type: 
      - application/json; charset=utf-8
    body: 
      encoding: US-ASCII
      string: "{\"answer\":[{\"__class\":\"cloudInstanceType:instanceStruct\",\"ipv6\":\"2001:41D0:0070:0229:0000:0000:0000:0000\",\"netmaskv6\":\"64\",\"netmaskv4\":\"24\",\"ipv4\":\"178.32.210.215\",\"status\":\"running\",\"name\":\"vulcaina\",\"distributionName\":\"vulcain 0.3\",\"zoneName\":\"rbx1\",\"fqdn\":\"vulcaina.44935.project.ovh.net\",\"offerName\":\"xs\",\"id\":214554},{\"__class\":\"cloudInstanceType:instanceStruct\",\"ipv6\":\"2001:41D0:0070:01D5:0000:0000:0000:0000\",\"netmaskv6\":\"64\",\"netmaskv4\":\"24\",\"ipv4\":\"178.32.209.43\",\"status\":\"running\",\"name\":\"vulcainb\",\"distributionName\":\"vulcain 0.3\",\"zoneName\":\"rbx1\",\"fqdn\":\"vulcainb.44935.project.ovh.net\",\"offerName\":\"xs\",\"id\":214495},{\"__class\":\"cloudInstanceType:instanceStruct\",\"ipv6\":\"\",\"netmaskv6\":\"\",\"netmaskv4\":\"\",\"ipv4\":\"\",\"status\":\"pending\",\"name\":\"vulcain1\",\"distributionName\":\"vulcain 0.1\",\"zoneName\":\"rbx1\",\"fqdn\":\"vulcain1.44935.project.ovh.net\",\"offerName\":\"xs\",\"id\":214452}],\"version\":\"1.0\",\"error\":null,\"id\":0}"
    http_version: 
  recorded_at: Fri, 05 Apr 2013 10:20:44 GMT
- request: 
    method: get
    uri: https://ws.ovh.com/cloud/public/instance/r3/rest.dispatcher/getTasks?params=%7B%22projectName%22:%22Vulcain%22,%22objectTypeName%22:%22instance%22%7D&session=le52067-ovh-673ff59fb832dedfa4d320567fddca86
    body: 
      encoding: US-ASCII
      string: ""
    headers: {}

  response: 
    status: 
      code: 200
      message: OK
    headers: 
      Date: 
      - Fri, 05 Apr 2013 10:20:44 GMT
      Server: 
      - Apache/2.2.9 (Debian) mod_ssl/2.2.9 OpenSSL/0.9.8g
      X-Node: 
      - soap11.ws
      Transfer-Encoding: 
      - chunked
      Content-Type: 
      - application/json; charset=utf-8
    body: 
      encoding: US-ASCII
      string: "{\"answer\":[{\"__class\":\"cloudInstanceType:taskStruct\",\"function\":\"deleteInstance\",\"zone\":{\"__class\":\"cloudInstanceType:zoneStruct\",\"comment\":null,\"name\":\"rbx1\"},\"progress\":\"\",\"finishDate\":\"2013-04-05T11:25:39+02:00\",\"status\":\"done\",\"objectId\":214351,\"comment\":\"\",\"lastUpdate\":\"2013-04-05T11:25:39+02:00\",\"objectType\":\"instance\",\"todoDate\":\"2013-04-05T11:24:39+02:00\",\"id\":188453},{\"__class\":\"cloudInstanceType:taskStruct\",\"function\":\"addInstanceFromImage\",\"zone\":{\"__class\":\"cloudInstanceType:zoneStruct\",\"comment\":null,\"name\":\"rbx1\"},\"progress\":\"\",\"finishDate\":\"2013-04-05T11:53:08+02:00\",\"status\":\"todo\",\"objectId\":214452,\"comment\":\"\",\"lastUpdate\":\"2013-04-05T11:53:08+02:00\",\"objectType\":\"instance\",\"todoDate\":\"2013-04-05T11:51:55+02:00\",\"id\":188560},{\"__class\":\"cloudInstanceType:taskStruct\",\"function\":\"deleteInstance\",\"zone\":{\"__class\":\"cloudInstanceType:zoneStruct\",\"comment\":null,\"name\":\"rbx1\"},\"progress\":\"\",\"finishDate\":\"2013-04-05T10:36:40+02:00\",\"status\":\"done\",\"objectId\":213964,\"comment\":\"\",\"lastUpdate\":\"2013-04-05T10:36:40+02:00\",\"objectType\":\"instance\",\"todoDate\":\"2013-04-05T10:35:19+02:00\",\"id\":188427},{\"__class\":\"cloudInstanceType:taskStruct\",\"function\":\"deleteInstance\",\"zone\":{\"__class\":\"cloudInstanceType:zoneStruct\",\"comment\":null,\"name\":\"rbx1\"},\"progress\":\"\",\"finishDate\":\"2013-04-05T12:19:43+02:00\",\"status\":\"done\",\"objectId\":214546,\"comment\":\"\",\"lastUpdate\":\"2013-04-05T12:19:43+02:00\",\"objectType\":\"instance\",\"todoDate\":\"2013-04-05T12:18:31+02:00\",\"id\":188669},{\"__class\":\"cloudInstanceType:taskStruct\",\"function\":\"deleteInstance\",\"zone\":{\"__class\":\"cloudInstanceType:zoneStruct\",\"comment\":null,\"name\":\"rbx1\"},\"progress\":\"\",\"finishDate\":\"2013-04-05T12:14:39+02:00\",\"status\":\"done\",\"objectId\":214520,\"comment\":\"\",\"lastUpdate\":\"2013-04-05T12:14:39+02:00\",\"objectType\":\"instance\",\"todoDate\":\"2013-04-05T12:13:14+02:00\",\"id\":188645},{\"__class\":\"cloudInstanceType:taskStruct\",\"function\":\"addInstanceFromImage\",\"zone\":{\"__class\":\"cloudInstanceType:zoneStruct\",\"comment\":null,\"name\":\"rbx1\"},\"progress\":\"\",\"finishDate\":\"2013-04-05T12:11:20+02:00\",\"status\":\"done\",\"objectId\":214520,\"comment\":\"\",\"lastUpdate\":\"2013-04-05T12:11:20+02:00\",\"objectType\":\"instance\",\"todoDate\":\"2013-04-05T12:09:44+02:00\",\"id\":188633},{\"__class\":\"cloudInstanceType:taskStruct\",\"function\":\"deleteInstance\",\"zone\":{\"__class\":\"cloudInstanceType:zoneStruct\",\"comment\":null,\"name\":\"rbx1\"},\"progress\":\"\",\"finishDate\":\"2013-04-05T12:10:42+02:00\",\"status\":\"done\",\"objectId\":214494,\"comment\":\"\",\"lastUpdate\":\"2013-04-05T12:10:42+02:00\",\"objectType\":\"instance\",\"todoDate\":\"2013-04-05T12:09:47+02:00\",\"id\":188634},{\"__class\":\"cloudInstanceType:taskStruct\",\"function\":\"deleteInstance\",\"zone\":{\"__class\":\"cloudInstanceType:zoneStruct\",\"comment\":null,\"name\":\"rbx1\"},\"progress\":\"\",\"finishDate\":\"2013-04-05T10:51:40+02:00\",\"status\":\"done\",\"objectId\":214342,\"comment\":\"\",\"lastUpdate\":\"2013-04-05T10:51:40+02:00\",\"objectType\":\"instance\",\"todoDate\":\"2013-04-05T10:50:16+02:00\",\"id\":188434},{\"__class\":\"cloudInstanceType:taskStruct\",\"function\":\"addInstanceFromImage\",\"zone\":{\"__class\":\"cloudInstanceType:zoneStruct\",\"comment\":null,\"name\":\"rbx1\"},\"progress\":\"\",\"finishDate\":\"2013-04-05T10:47:34+02:00\",\"status\":\"done\",\"objectId\":214343,\"comment\":\"\",\"lastUpdate\":\"2013-04-05T10:47:34+02:00\",\"objectType\":\"instance\",\"todoDate\":\"2013-04-05T10:41:42+02:00\",\"id\":188431},{\"__class\":\"cloudInstanceType:taskStruct\",\"function\":\"addInstance\",\"zone\":{\"__class\":\"cloudInstanceType:zoneStruct\",\"comment\":null,\"name\":\"rbx1\"},\"progress\":\"\",\"finishDate\":\"2013-04-05T11:31:35+02:00\",\"status\":\"done\",\"objectId\":214367,\"comment\":\"\",\"lastUpdate\":\"2013-04-05T11:31:35+02:00\",\"objectType\":\"instance\",\"todoDate\":\"2013-04-05T11:29:40+02:00\",\"id\":188465},{\"__class\":\"cloudInstanceType:taskStruct\",\"function\":\"addInstanceFromImage\",\"zone\":{\"__class\":\"cloudInstanceType:zoneStruct\",\"comment\":null,\"name\":\"rbx1\"},\"progress\":\"\",\"finishDate\":\"2013-04-05T11:53:29+02:00\",\"status\":\"done\",\"objectId\":214453,\"comment\":\"\",\"lastUpdate\":\"2013-04-05T11:53:29+02:00\",\"objectType\":\"instance\",\"todoDate\":\"2013-04-05T11:52:00+02:00\",\"id\":188562},{\"__class\":\"cloudInstanceType:taskStruct\",\"function\":\"addInstance\",\"zone\":{\"__class\":\"cloudInstanceType:zoneStruct\",\"comment\":null,\"name\":\"rbx1\"},\"progress\":\"\",\"finishDate\":\"2013-04-05T11:03:45+02:00\",\"status\":\"done\",\"objectId\":214351,\"comment\":\"\",\"lastUpdate\":\"2013-04-05T11:03:45+02:00\",\"objectType\":\"instance\",\"todoDate\":\"2013-04-05T11:02:32+02:00\",\"id\":188440},{\"__class\":\"cloudInstanceType:taskStruct\",\"function\":\"addInstanceFromImage\",\"zone\":{\"__class\":\"cloudInstanceType:zoneStruct\",\"comment\":null,\"name\":\"rbx1\"},\"progress\":\"\",\"finishDate\":\"2013-04-05T11:00:42+02:00\",\"status\":\"done\",\"objectId\":214349,\"comment\":\"\",\"lastUpdate\":\"2013-04-05T11:00:42+02:00\",\"objectType\":\"instance\",\"todoDate\":\"2013-04-05T10:57:10+02:00\",\"id\":188438},{\"__class\":\"cloudInstanceType:taskStruct\",\"function\":\"deleteInstance\",\"zone\":{\"__class\":\"cloudInstanceType:zoneStruct\",\"comment\":null,\"name\":\"rbx1\"},\"progress\":\"\",\"finishDate\":\"2013-04-05T11:30:58+02:00\",\"status\":\"done\",\"objectId\":214358,\"comment\":\"\",\"lastUpdate\":\"2013-04-05T11:30:58+02:00\",\"objectType\":\"instance\",\"todoDate\":\"2013-04-05T11:29:12+02:00\",\"id\":188462},{\"__class\":\"cloudInstanceType:taskStruct\",\"function\":\"deleteInstance\",\"zone\":{\"__class\":\"cloudInstanceType:zoneStruct\",\"comment\":null,\"name\":\"rbx1\"},\"progress\":\"\",\"finishDate\":\"2013-04-05T11:15:42+02:00\",\"status\":\"done\",\"objectId\":214343,\"comment\":\"\",\"lastUpdate\":\"2013-04-05T11:15:42+02:00\",\"objectType\":\"instance\",\"todoDate\":\"2013-04-05T11:14:13+02:00\",\"id\":188441},{\"__class\":\"cloudInstanceType:taskStruct\",\"function\":\"addInstanceFromImage\",\"zone\":{\"__class\":\"cloudInstanceType:zoneStruct\",\"comment\":null,\"name\":\"rbx1\"},\"progress\":\"\",\"finishDate\":\"2013-04-05T12:18:20+02:00\",\"status\":\"done\",\"objectId\":214546,\"comment\":\"\",\"lastUpdate\":\"2013-04-05T12:18:20+02:00\",\"objectType\":\"instance\",\"todoDate\":\"2013-04-05T12:16:51+02:00\",\"id\":188661},{\"__class\":\"cloudInstanceType:taskStruct\",\"function\":\"deleteInstance\",\"zone\":{\"__class\":\"cloudInstanceType:zoneStruct\",\"comment\":null,\"name\":\"rbx1\"},\"progress\":\"\",\"finishDate\":\"2013-04-05T10:57:41+02:00\",\"status\":\"done\",\"objectId\":214346,\"comment\":\"\",\"lastUpdate\":\"2013-04-05T10:57:41+02:00\",\"objectType\":\"instance\",\"todoDate\":\"2013-04-05T10:56:31+02:00\",\"id\":188436},{\"__class\":\"cloudInstanceType:taskStruct\",\"function\":\"addInstanceFromImage\",\"zone\":{\"__class\":\"cloudInstanceType:zoneStruct\",\"comment\":null,\"name\":\"rbx1\"},\"progress\":\"\",\"finishDate\":\"2013-04-05T11:31:58+02:00\",\"status\":\"done\",\"objectId\":214360,\"comment\":\"\",\"lastUpdate\":\"2013-04-05T11:31:58+02:00\",\"objectType\":\"instance\",\"todoDate\":\"2013-04-05T11:25:09+02:00\",\"id\":188459},{\"__class\":\"cloudInstanceType:taskStruct\",\"function\":\"addInstanceFromImage\",\"zone\":{\"__class\":\"cloudInstanceType:zoneStruct\",\"comment\":null,\"name\":\"rbx1\"},\"progress\":\"\",\"finishDate\":\"2013-04-05T12:06:55+02:00\",\"status\":\"done\",\"objectId\":214494,\"comment\":\"\",\"lastUpdate\":\"2013-04-05T12:06:55+02:00\",\"objectType\":\"instance\",\"todoDate\":\"2013-04-05T12:00:44+02:00\",\"id\":188606},{\"__class\":\"cloudInstanceType:taskStruct\",\"function\":\"deleteInstance\",\"zone\":{\"__class\":\"cloudInstanceType:zoneStruct\",\"comment\":null,\"name\":\"rbx1\"},\"progress\":\"\",\"finishDate\":\"2013-04-05T12:17:39+02:00\",\"status\":\"done\",\"objectId\":214537,\"comment\":\"\",\"lastUpdate\":\"2013-04-05T12:17:39+02:00\",\"objectType\":\"instance\",\"todoDate\":\"2013-04-05T12:16:54+02:00\",\"id\":188662},{\"__class\":\"cloudInstanceType:taskStruct\",\"function\":\"addInstanceFromImage\",\"zone\":{\"__class\":\"cloudInstanceType:zoneStruct\",\"comment\":null,\"name\":\"rbx1\"},\"progress\":\"\",\"finishDate\":\"2013-04-05T10:55:32+02:00\",\"status\":\"done\",\"objectId\":214346,\"comment\":\"\",\"lastUpdate\":\"2013-04-05T10:55:32+02:00\",\"objectType\":\"instance\",\"todoDate\":\"2013-04-05T10:50:11+02:00\",\"id\":188433},{\"__class\":\"cloudInstanceType:taskStruct\",\"function\":\"deleteInstance\",\"zone\":{\"__class\":\"cloudInstanceType:zoneStruct\",\"comment\":null,\"name\":\"rbx1\"},\"progress\":\"\",\"finishDate\":\"2013-04-05T11:33:43+02:00\",\"status\":\"done\",\"objectId\":214360,\"comment\":\"\",\"lastUpdate\":\"2013-04-05T11:33:43+02:00\",\"objectType\":\"instance\",\"todoDate\":\"2013-04-05T11:32:06+02:00\",\"id\":188468},{\"__class\":\"cloudInstanceType:taskStruct\",\"function\":\"deleteInstance\",\"zone\":{\"__class\":\"cloudInstanceType:zoneStruct\",\"comment\":null,\"name\":\"rbx1\"},\"progress\":\"\",\"finishDate\":\"2013-04-05T11:55:41+02:00\",\"status\":\"done\",\"objectId\":214453,\"comment\":\"\",\"lastUpdate\":\"2013-04-05T11:55:41+02:00\",\"objectType\":\"instance\",\"todoDate\":\"2013-04-05T11:54:58+02:00\",\"id\":188579},{\"__class\":\"cloudInstanceType:taskStruct\",\"function\":\"addInstanceFromImage\",\"zone\":{\"__class\":\"cloudInstanceType:zoneStruct\",\"comment\":null,\"name\":\"rbx1\"},\"progress\":\"\",\"finishDate\":\"2013-04-05T12:20:22+02:00\",\"status\":\"done\",\"objectId\":214554,\"comment\":\"\",\"lastUpdate\":\"2013-04-05T12:20:22+02:00\",\"objectType\":\"instance\",\"todoDate\":\"2013-04-05T12:18:52+02:00\",\"id\":188671},{\"__class\":\"cloudInstanceType:taskStruct\",\"function\":\"addInstanceFromImage\",\"zone\":{\"__class\":\"cloudInstanceType:zoneStruct\",\"comment\":null,\"name\":\"rbx1\"},\"progress\":\"\",\"finishDate\":\"2013-04-05T12:06:55+02:00\",\"status\":\"done\",\"objectId\":214495,\"comment\":\"\",\"lastUpdate\":\"2013-04-05T12:06:55+02:00\",\"objectType\":\"instance\",\"todoDate\":\"2013-04-05T12:00:51+02:00\",\"id\":188608},{\"__class\":\"cloudInstanceType:taskStruct\",\"function\":\"addInstanceFromImage\",\"zone\":{\"__class\":\"cloudInstanceType:zoneStruct\",\"comment\":null,\"name\":\"rbx1\"},\"progress\":\"\",\"finishDate\":\"2013-04-05T12:16:23+02:00\",\"status\":\"done\",\"objectId\":214537,\"comment\":\"\",\"lastUpdate\":\"2013-04-05T12:16:23+02:00\",\"objectType\":\"instance\",\"todoDate\":\"2013-04-05T12:14:18+02:00\",\"id\":188651},{\"__class\":\"cloudInstanceType:taskStruct\",\"function\":\"addInstance\",\"zone\":{\"__class\":\"cloudInstanceType:zoneStruct\",\"comment\":null,\"name\":\"rbx1\"},\"progress\":\"\",\"finishDate\":\"2013-04-04T17:55:51+02:00\",\"status\":\"done\",\"objectId\":213964,\"comment\":\"\",\"lastUpdate\":\"2013-04-04T17:55:51+02:00\",\"objectType\":\"instance\",\"todoDate\":\"2013-04-04T17:54:20+02:00\",\"id\":187835},{\"__class\":\"cloudInstanceType:taskStruct\",\"function\":\"deleteInstance\",\"zone\":{\"__class\":\"cloudInstanceType:zoneStruct\",\"comment\":null,\"name\":\"rbx1\"},\"progress\":\"\",\"finishDate\":\"2013-04-05T11:15:43+02:00\",\"status\":\"done\",\"objectId\":214349,\"comment\":\"\",\"lastUpdate\":\"2013-04-05T11:15:43+02:00\",\"objectType\":\"instance\",\"todoDate\":\"2013-04-05T11:14:18+02:00\",\"id\":188442},{\"__class\":\"cloudInstanceType:taskStruct\",\"function\":\"addInstanceFromImage\",\"zone\":{\"__class\":\"cloudInstanceType:zoneStruct\",\"comment\":null,\"name\":\"rbx1\"},\"progress\":\"\",\"finishDate\":\"2013-04-05T11:26:43+02:00\",\"status\":\"done\",\"objectId\":214358,\"comment\":\"\",\"lastUpdate\":\"2013-04-05T11:26:43+02:00\",\"objectType\":\"instance\",\"todoDate\":\"2013-04-05T11:25:01+02:00\",\"id\":188455},{\"__class\":\"cloudInstanceType:taskStruct\",\"function\":\"deleteInstance\",\"zone\":{\"__class\":\"cloudInstanceType:zoneStruct\",\"comment\":null,\"name\":\"rbx1\"},\"progress\":\"\",\"finishDate\":\"2013-04-05T12:08:37+02:00\",\"status\":\"done\",\"objectId\":214367,\"comment\":\"\",\"lastUpdate\":\"2013-04-05T12:08:37+02:00\",\"objectType\":\"instance\",\"todoDate\":\"2013-04-05T12:07:25+02:00\",\"id\":188626},{\"__class\":\"cloudInstanceType:taskStruct\",\"function\":\"addInstanceFromImage\",\"zone\":{\"__class\":\"cloudInstanceType:zoneStruct\",\"comment\":null,\"name\":\"rbx1\"},\"progress\":\"\",\"finishDate\":\"2013-04-05T10:47:16+02:00\",\"status\":\"done\",\"objectId\":214342,\"comment\":\"\",\"lastUpdate\":\"2013-04-05T10:47:16+02:00\",\"objectType\":\"instance\",\"todoDate\":\"2013-04-05T10:41:36+02:00\",\"id\":188429}],\"version\":\"1.0\",\"error\":null,\"id\":0}"
    http_version: 
  recorded_at: Fri, 05 Apr 2013 10:20:45 GMT
- request: 
    method: get
    uri: https://ws.ovh.com/cloud/public/instance/r3/rest.dispatcher/getProjects?session=le52067-ovh-673ff59fb832dedfa4d320567fddca86
    body: 
      encoding: US-ASCII
      string: ""
    headers: {}

  response: 
    status: 
      code: 200
      message: OK
    headers: 
      Date: 
      - Fri, 05 Apr 2013 10:20:45 GMT
      Server: 
      - Apache/2.2.9 (Debian) mod_ssl/2.2.9 OpenSSL/0.9.8g
      X-Node: 
      - soap12.ws
      Content-Length: 
      - "276"
      Content-Type: 
      - application/json; charset=utf-8
    body: 
      encoding: US-ASCII
      string: "{\"answer\":[{\"__class\":\"cloudInstanceType:projectStruct\",\"creationDate\":\"2013-04-04T17:52:51+02:00\",\"updateDate\":\"2013-04-04T17:52:51+02:00\",\"comment\":\"Instances virtuelles pour commandes en ligne\",\"status\":\"ok\",\"name\":\"Vulcain\",\"id\":2206}],\"version\":\"1.0\",\"error\":null,\"id\":0}"
    http_version: 
  recorded_at: Fri, 05 Apr 2013 10:20:46 GMT
recorded_with: VCR 2.4.0
